nftset=/.ua/4#inet#fw4#vpn_domains
nftset=/forum.ru-board.com/4#inet#fw4#vpn_domains
nftset=/habr.com/4#inet#fw4#vpn_domains
nftset=/malwarebytes.com/4#inet#fw4#vpn_domains
nftset=/medium.com/4#inet#fw4#vpn_domains
nftset=/news.google.com/4#inet#fw4#vpn_domains
nftset=/ntc.party/4#inet#fw4#vpn_domains
nftset=/signal.org/4#inet#fw4#vpn_domains
nftset=/4pda.to/4#inet#fw4#vpn_domains
nftset=/adguard.com/4#inet#fw4#vpn_domains
nftset=/avira.com/4#inet#fw4#vpn_domains
nftset=/chess.com/4#inet#fw4#vpn_domains


nftset=/1337x.to/4#inet#fw4#vpn_domains
nftset=/rutor.info/4#inet#fw4#vpn_domains
nftset=/rutor.is/4#inet#fw4#vpn_domains
nftset=/rutor.org/4#inet#fw4#vpn_domains
nftset=/rutracker.cc/4#inet#fw4#vpn_domains
nftset=/rutracker.net/4#inet#fw4#vpn_domains
nftset=/rutracker.org/4#inet#fw4#vpn_domains
nftset=/rutracker.wiki/4#inet#fw4#vpn_domains
nftset=/nnmclub.to/4#inet#fw4#vpn_domains
nftset=/nnmstatic.win/4#inet#fw4#vpn_domains
nftset=/torrenteditor.com/4#inet#fw4#vpn_domains
nftset=/torrentgalaxy.to/4#inet#fw4#vpn_domains
nftset=/fast-torrent.club/4#inet#fw4#vpn_domains
nftset=/filmitorrent.net/4#inet#fw4#vpn_domains
nftset=/piratbit.top/4#inet#fw4#vpn_domains


nftset=/agents.media/4#inet#fw4#vpn_domains
nftset=/arbat.media/4#inet#fw4#vpn_domains
nftset=/bbc.co.uk/4#inet#fw4#vpn_domains
nftset=/bbc.com/4#inet#fw4#vpn_domains
nftset=/bellingcat.com/4#inet#fw4#vpn_domains
nftset=/zerkalo.io/4#inet#fw4#vpn_domains
nftset=/zona.media/4#inet#fw4#vpn_domains
nftset=/tvfreedom.io/4#inet#fw4#vpn_domains
nftset=/tvrain.ru/4#inet#fw4#vpn_domains
nftset=/tvrain.tv/4#inet#fw4#vpn_domains
nftset=/ukr.net/4#inet#fw4#vpn_domains
nftset=/ukr.radio/4#inet#fw4#vpn_domains
nftset=/grani.ru/4#inet#fw4#vpn_domains
nftset=/gulagu.net/4#inet#fw4#vpn_domains
nftset=/holod.media/4#inet#fw4#vpn_domains
nftset=/meduza.io/4#inet#fw4#vpn_domains
nftset=/moscowtimes.ru/4#inet#fw4#vpn_domains
nftset=/novaya.no/4#inet#fw4#vpn_domains
nftset=/novayagazeta.eu/4#inet#fw4#vpn_domains
nftset=/novayagazeta.ru/4#inet#fw4#vpn_domains
nftset=/suspilne.media/4#inet#fw4#vpn_domains
nftset=/svoboda.org/4#inet#fw4#vpn_domains
nftset=/the-village.ru/4#inet#fw4#vpn_domains
nftset=/theins.press/4#inet#fw4#vpn_domains
nftset=/theins.ru/4#inet#fw4#vpn_domains
nftset=/polit.ru/4#inet#fw4#vpn_domains
nftset=/pravda.com/4#inet#fw4#vpn_domains
nftset=/proekt.media/4#inet#fw4#vpn_domains
nftset=/radiosvoboda.org/4#inet#fw4#vpn_domains
nftset=/republic.ru/4#inet#fw4#vpn_domains


nftset=/dorama.live/4#inet#fw4#vpn_domains
nftset=/doramalive.ru/4#inet#fw4#vpn_domains
nftset=/doramy.club/4#inet#fw4#vpn_domains
nftset=/filmix.ac/4#inet#fw4#vpn_domains
nftset=/filmix.biz/4#inet#fw4#vpn_domains
nftset=/filmix.day/4#inet#fw4#vpn_domains
nftset=/filmix.fm/4#inet#fw4#vpn_domains
nftset=/filmix.la/4#inet#fw4#vpn_domains
nftset=/hdkinoteatr.com/4#inet#fw4#vpn_domains
nftset=/hdrezka.ac/4#inet#fw4#vpn_domains
nftset=/hdrezka.ag/4#inet#fw4#vpn_domains
nftset=/hdrezka.me/4#inet#fw4#vpn_domains
nftset=/kino.pub/4#inet#fw4#vpn_domains
nftset=/kinogo.ec/4#inet#fw4#vpn_domains
nftset=/kinogo.la/4#inet#fw4#vpn_domains
nftset=/kinogo.uk/4#inet#fw4#vpn_domains
nftset=/kinovod.net/4#inet#fw4#vpn_domains
nftset=/kinozal.guru/4#inet#fw4#vpn_domains
nftset=/kinozal.tv/4#inet#fw4#vpn_domains
nftset=/lostfilm.tv/4#inet#fw4#vpn_domains
nftset=/lostfilmtv2.site/4#inet#fw4#vpn_domains
nftset=/rezka.ag/4#inet#fw4#vpn_domains
nftset=/rezka.my/4#inet#fw4#vpn_domains
nftset=/seasonvar.ru/4#inet#fw4#vpn_domains


nftset=/ficbook.net/4#inet#fw4#vpn_domains
nftset=/flibusta.is/4#inet#fw4#vpn_domains
nftset=/flibusta.net/4#inet#fw4#vpn_domains
nftset=/abook-club.ru/4#inet#fw4#vpn_domains


nftset=/x.ai/4#inet#fw4#vpn_domains
nftset=/x.com/4#inet#fw4#vpn_domains
nftset=/twitter.biz/4#inet#fw4#vpn_domains
nftset=/twitter.com/4#inet#fw4#vpn_domains
nftset=/twitter.jp/4#inet#fw4#vpn_domains
nftset=/twittercommunity.com/4#inet#fw4#vpn_domains
nftset=/twitterflightschool.com/4#inet#fw4#vpn_domains
nftset=/twitterinc.com/4#inet#fw4#vpn_domains
nftset=/twitteroauth.com/4#inet#fw4#vpn_domains
nftset=/twitterstat.us/4#inet#fw4#vpn_domains
nftset=/twtrdns.net/4#inet#fw4#vpn_domains
nftset=/twttr.com/4#inet#fw4#vpn_domains
nftset=/twttr.net/4#inet#fw4#vpn_domains


nftset=/youtu.be/4#inet#fw4#vpn_domains
nftset=/youtube-nocookie.com/4#inet#fw4#vpn_domains
nftset=/youtube-ui.l.google.com/4#inet#fw4#vpn_domains
nftset=/youtube.com/4#inet#fw4#vpn_domains
nftset=/youtubeembeddedplayer.googleapis.com/4#inet#fw4#vpn_domains
nftset=/youtubei.googleapis.com/4#inet#fw4#vpn_domains
nftset=/youtubekids.com/4#inet#fw4#vpn_domains
nftset=/yt-video-upload.l.google.com/4#inet#fw4#vpn_domains
nftset=/ytimg.com/4#inet#fw4#vpn_domains
nftset=/ytimg.l.google.com/4#inet#fw4#vpn_domains
nftset=/wide-youtube.l.google.com/4#inet#fw4#vpn_domains
nftset=/returnyoutubedislikeapi.com/4#inet#fw4#vpn_domains
nftset=/proactivebackend-pa.googleapis.com/4#inet#fw4#vpn_domains


nftset=/viber.com/4#inet#fw4#vpn_domains
nftset=/viber.co/4#inet#fw4#vpn_domains
nftset=/viber.me/4#inet#fw4#vpn_domains
nftset=/vbcdn.net/4#inet#fw4#vpn_domains
